+ ip6tables -t filter -D our-chain -i eth0 -j REJECT
+ ip6tables -t filter -D our-chain -i eth0 -p tcp --dport 9080 -j RETURN
+ ip6tables -t filter -D our-chain -i eth0 -p tcp --dport 80 -j RETURN
+ ip6tables -t filter -D our-chain -i eth0 -p tcp --dport 22 -j RETURN
+ ip6tables -t filter -D FORWARD -j our-chain
+ ip6tables -t filter -D INPUT -j our-chain
+ ip6tables -t filter -F our-chain
+ ip6tables -t filter -X our-chain
+ ip6tables -t filter -N our-chain
+ ip6tables -t filter -I INPUT 1 -j our-chain
+ ip6tables -t filter -I FORWARD 1 -j our-chain
+ ip6tables -t filter -A our-chain -i eth0 -p tcp --dport 22 -j RETURN
+ ip6tables -t filter -A our-chain -i eth0 -p tcp --dport 80 -j RETURN
+ ip6tables -t filter -A our-chain -i eth0 -p tcp --dport 9080 -j RETURN
+ ip6tables -t filter -A our-chain -i eth0 -j REJECT
